     1                                 %line 1+1 test-01.asm
     2                                 
     3                                 
     4                                 
     5                                 
     6                                 
     7                                 
     8                                 
     9                                 
    10                                 [section .data]
    11 00000000 FA                      num1 db 250
    12 00000001 C8                      num2 db 200
    13 00000002 78                      num3 db 120
    14 00000003 0000                    sum dw 0
    15 00000005 00000000                product dd 0
    16                                 
    17                                 [section .text]
    18                                 [global _start]
    19                                 _start:
    20                                 
    21                                 
    22 00000000 48C7C000000000          mov rax, 0
    23 00000007 48C7C200000000          mov rdx, 0
    24 0000000E 8A0425[00000000]        mov al, byte[num1]
    25 00000015 020425[00000000]        add al, byte[num2]
    26 0000001C 80D200                  adc dl, 0
    27 0000001F 880425[00000000]        mov byte[sum+0], al
    28 00000026 881425[01000000]        mov byte[sum+1], dl
    29                                 
    30                                 
    31 0000002D 48C7C000000000          mov rax, 0
    32 00000034 48C7C200000000          mov rdx, 0
    33                                 
    34                                 
    35                                 
    36                                 
    37                                 
    38 0000003B 8A0425[00000000]        mov al, byte[num3]
    39 00000042 6698                    cbw
    40 00000044 66F72425[00000000]      mul word[sum]
    41 0000004C 66890425[00000000]      mov word[product+0], ax
    42 00000054 66891425[02000000]      mov word[product+2], dx
    43                                 
    44                                 
    45 0000005C 48C7C03C000000          mov rax, 60
    46 00000063 48C7C700000000          mov rdi, 0
    47 0000006A 0F05                    syscall
