     1                                 %line 1+1 parity.asm
     2                                 
     3                                 
     4                                 
     5                                 
     6                                 
     7                                 
     8                                 
     9                                 [section .data]
    10 00000000 4501                    num1 dw 325
    11 00000002 0000                    even dw 0
    12 00000004 0000                    odd dw 0
    13                                 
    14                                 [section .text]
    15                                 [global _start]
    16                                 _start:
    17 00000000 668B0425[00000000]      mov ax, word[num1]
    18 00000008 B202                    mov dl, 2
    19 0000000A F6F2                    div dl
    20 0000000C 80FC00                  cmp ah, 0
    21 0000000F 7408                    je is_even
    22 00000011 66FF0425[00000000]      inc word[odd]
    23 00000019 EB06                    jmp end_if
    24                                 is_even:
    25 0000001B 66FF0425[00000000]      inc word[even]
    26                                 end_if:
    27 00000023 48C7C03C000000          mov rax, 60
    28 0000002A 48C7C700000000          mov rdi, 0
    29 00000031 0F05                    syscall
